DEBUG 2026-07-28 14:06:12.178 UTC: 	 CRAB Client version: v3.260630
DEBUG 2026-07-28 14:06:12.178 UTC: 	 Running on: Linux lxplus913.cern.ch 5.14.0-687.26.1.el9_8.x86_64 #1 SMP PREEMPT_DYNAMIC Mon Jul 13 13:49:10 EDT 2026 x86_64 x86_64 x86_64 GNU/Linux
DEBUG 2026-07-28 14:06:12.178 UTC: 	 Not using Singularity
DEBUG 2026-07-28 14:06:12.178 UTC: 	 Operating System: Red Hat Enterprise Linux 9.8 (Plow)
DEBUG 2026-07-28 14:06:12.178 UTC: 	 Executing command: 'submit'
DEBUG 2026-07-28 14:06:12.179 UTC: 	 Found CRAB cache file /afs/cern.ch/user/n/nwhittin/.crab3
INFO 2026-07-28 14:06:12.181 UTC: 	 Will use CRAB configuration file crab_CMSSW_20_1_0_pre1/crab_cfg.py
DEBUG 2026-07-28 14:06:12.181 UTC: 	 Loading CRAB configuration file.
ERROR 2026-07-28 14:06:12.191 UTC: 	 The 'maxJobRuntimeMin' parameter is not compatible with the 'Automatic' splitting mode (default).
The documentation about the CRAB configuration file can be found in https://twiki.cern.ch/twiki/bin/view/CMSPublic/CRAB3ConfigurationFile
ERROR 2026-07-28 14:06:12.191 UTC: 	 Caught ClientException exception
Traceback (most recent call last):
  File "/cvmfs/cms.cern.ch/share/cms/crab-prod/v3.260630.00/bin/crab.py", line 157, in <module>
    client()
  File "/cvmfs/cms.cern.ch/share/cms/crab-prod/v3.260630.00/bin/crab.py", line 135, in __call__
    self.cmd = sub_cmd(self.logger, args[1:])  # the crab command to be executed
               ^^^^^^^^^^^^^^^^^^^^^^^^^^^^^^
  File "/cvmfs/cms.cern.ch/share/cms/crab-prod/v3.260630.00/lib/CRABClient/Commands/submit.py", line 37, in __init__
    SubCommand.__init__(self, logger, cmdargs, disable_interspersed_args=True)
  File "/cvmfs/cms.cern.ch/share/cms/crab-prod/v3.260630.00/lib/CRABClient/Commands/SubCommand.py", line 326, in __init__
    self.loadConfig(self.options.config, self.args)
  File "/cvmfs/cms.cern.ch/share/cms/crab-prod/v3.260630.00/lib/CRABClient/Commands/SubCommand.py", line 95, in loadConfig
    raise ConfigurationException(configmsg)
CRABClient.ClientExceptions.ConfigurationException: The 'maxJobRuntimeMin' parameter is not compatible with the 'Automatic' splitting mode (default).
The documentation about the CRAB configuration file can be found in https://twiki.cern.ch/twiki/bin/view/CMSPublic/CRAB3ConfigurationFile
INFO 2026-07-28 14:06:12.194 UTC: 	 Log file is /afs/cern.ch/user/n/nwhittin/CMSSW/CMSSW_20_1_0_pre1/src/crab/crab.log
DEBUG 2026-07-28 14:06:53.767 UTC: 	 CRAB Client version: v3.260630
DEBUG 2026-07-28 14:06:53.767 UTC: 	 Running on: Linux lxplus913.cern.ch 5.14.0-687.26.1.el9_8.x86_64 #1 SMP PREEMPT_DYNAMIC Mon Jul 13 13:49:10 EDT 2026 x86_64 x86_64 x86_64 GNU/Linux
DEBUG 2026-07-28 14:06:53.767 UTC: 	 Not using Singularity
DEBUG 2026-07-28 14:06:53.767 UTC: 	 Operating System: Red Hat Enterprise Linux 9.8 (Plow)
DEBUG 2026-07-28 14:06:53.767 UTC: 	 Executing command: 'submit'
DEBUG 2026-07-28 14:06:53.767 UTC: 	 Found CRAB cache file /afs/cern.ch/user/n/nwhittin/.crab3
INFO 2026-07-28 14:06:53.767 UTC: 	 Will use CRAB configuration file crab_CMSSW_20_1_0_pre1/crab_cfg.py
DEBUG 2026-07-28 14:06:53.768 UTC: 	 Loading CRAB configuration file.
ERROR 2026-07-28 14:06:53.771 UTC: 	 Invalid CRAB configuration: In case of Automatic splitting, the Data.unitsPerJob parameter must be in the [180, 2700] minutes range. You asked for 1 minutes.
The documentation about the CRAB configuration file can be found in https://twiki.cern.ch/twiki/bin/view/CMSPublic/CRAB3ConfigurationFile
ERROR 2026-07-28 14:06:53.772 UTC: 	 Caught ClientException exception
Traceback (most recent call last):
  File "/cvmfs/cms.cern.ch/share/cms/crab-prod/v3.260630.00/bin/crab.py", line 157, in <module>
    client()
  File "/cvmfs/cms.cern.ch/share/cms/crab-prod/v3.260630.00/bin/crab.py", line 135, in __call__
    self.cmd = sub_cmd(self.logger, args[1:])  # the crab command to be executed
               ^^^^^^^^^^^^^^^^^^^^^^^^^^^^^^
  File "/cvmfs/cms.cern.ch/share/cms/crab-prod/v3.260630.00/lib/CRABClient/Commands/submit.py", line 37, in __init__
    SubCommand.__init__(self, logger, cmdargs, disable_interspersed_args=True)
  File "/cvmfs/cms.cern.ch/share/cms/crab-prod/v3.260630.00/lib/CRABClient/Commands/SubCommand.py", line 326, in __init__
    self.loadConfig(self.options.config, self.args)
  File "/cvmfs/cms.cern.ch/share/cms/crab-prod/v3.260630.00/lib/CRABClient/Commands/SubCommand.py", line 95, in loadConfig
    raise ConfigurationException(configmsg)
CRABClient.ClientExceptions.ConfigurationException: Invalid CRAB configuration: In case of Automatic splitting, the Data.unitsPerJob parameter must be in the [180, 2700] minutes range. You asked for 1 minutes.
The documentation about the CRAB configuration file can be found in https://twiki.cern.ch/twiki/bin/view/CMSPublic/CRAB3ConfigurationFile
INFO 2026-07-28 14:06:53.774 UTC: 	 Log file is /afs/cern.ch/user/n/nwhittin/CMSSW/CMSSW_20_1_0_pre1/src/crab/crab.log
